0ad
2mandvd
CardManager
PySolFC
R-base
TiMidity++
VMware-Player
VariCAD_2009-en
VariCAD_View_2009-en
abbot-suite
abe
abiword
abrt-gui
abuse-sdl
accerciser
acetoneiso
acidrip
acoustid-fingerprinter
aeolus
agave
airstrike
aisleriot
akonadi-kde
akonadiconsole
akregator
alacarte
alienarena
alltray
alsa-tools
alsamixergui
alsaplayer
amarok
amor
amsn
amule
andromeda
animata
anjuta
anki
antlrworks
aoi
apper
aqsis
arandr
ardesia
ardour
ardour3
arduide
arduino
areca-backup
arista
ark
armagetron
arora
assaultcube
asteroids3D
atanks
aterm
atnt
atomix
audacious
audacity
audex
aumix
auralquiz
auto-multiple-choice
autoscan
avahi-x11
avant-window-navigator
avidemux-gtk
avidemux-qt
avogadro
axel-kapt
backintime-gnome
backintime-kde4
bacula-bat
bacula-gui-brestore
bacula-tray-monitor
bangarang
banshee
baobab
basket
beneath-a-steel-sky
berusky
berusky2
bibletime
bijiben
bino
bkchem
bleachbit
blender
bless
blinken
blobby
bloboats
blogilo
blogtk
bluedevil
bluefish
blueman
bobobot
boinc-manager
bolzplatz2006
bomber
booh
bos
bovo
braindump
brasero
briquolo
brutalchess
bsh-utils
bsh2-console
btanks
bug-buddy
bugsquish
bumprace
burgerspace
bwbasic
bzflag
caboodle
cairo-dock
calibre
calligra-author
calligra-core
calligra-sheets
calligra-stage
calligra-words
canorus
cantata
cantor
caribou
carmetal
catfish
cdemu-client
cdrdao-gcdmaster
cedega-mandriva
celestia
cellwriter
celtx-ca
celtx-cs
celtx-de
celtx-en-US
celtx-es-ES
celtx-fr
celtx-pt-BR
cervisia
cgoban
chbg
cheese
chemtool
cherrytree
chessx
childsplay
chocolate-doom
choqok
chromium
chromium-browser-beta
chromium-browser-stable
chromium-browser-unstable
circuslinux
cirkuit
clamtk
clamz
clanbomber
clash
claws-mail
clementine
clipgrab
clustalx
cmake-qtgui
coban
codeblocks
codelite
coherence-applet
colorcode
comex-gtk
comex-qt
comix
compiz
compiz-ccsm
compiz-fusion-icon
congruity
connectagram
converseen
cooledit
coq-ide
corsixth
crack-attack
crawl-tiles
cryptkeeper
csmash
cube-escape
cultivation
cups
curtain
cutecw
cuyo
d-feet
d4x
darktable
dasher
datovka
dconf-editor
ddd
deadbeef
deja-dup
deluge
denemo
desktopcouch-tools
devede
devhelp
devidify
dia
digger
digikam
dillo
ding
djl
djview4
docky
dolphin
dosbox
dragon
drakconf
draklive-install
drakpxelinux
drakx-net
drakx-net-applet
drakxtools-curses
drascula
driconf
drracket
drumstick-examples
drwright
dvdisaster
dvdrip
dvdstyler
e
easychem
easymp3gain
easyrpmbuilder
easystroke
easytag
eboard
ecasound
eclipse-platform
edb-debugger
editra
edje_viewer
educazionik
edugraphe
eduke32-console
eduke32-gui
eee-control
efax-gtk
egoboo
eigen3-doc
ekiga
elementary
emacs
emerillon
emesene
empathy
enigma
enjoy
eog
epdfview
ephoto
epiphany
eric4
esmska
eterm
etherape
etoys
eve
evince
evol-client
evolution
exaile
exfalso
exo
expedite
extremetuxracer
fbreader-gtk
fbreader-qt4
fcitx
feff
feh
fetchmailconf
ffado
ffdiaporama
ffmulticonverter
fglrx-control-center
fgrun
file-roller
filelight
filerunner
filezilla
fillets-ng
firefox
firefox-aurora
firefox-beta
firestarter
flacon
flamerobin
flare
flash-player-plugin
flaw
fldigi
flight-of-the-amazon-queen
flightgear
florence
flow
flrig
focuswriter
fontforge
foobillard
fotowall
fotoxx
fox-example-apps
foxtrotgps
freeciv-client
freeciv-server
freecol
freedroid
freedroidrpg
freefilesync
freeguide
freemind
freetuxtv
frescobaldi
frogr
frozen-bubble
fslint
fullrecall
furiusisomount
fwbackups
fwbuilder
gajim
galculator
gambas3-ide
ganttproject
ganyremote
gaupol
gcalctool
gcdemu
gchem3d
gchemcalc
gchempaint
gchemtable
gcin
gcolor2
gcompris
gconf-editor
gcr
gcrystal
gcstar
gdiskdump
geany
geary
geda-gattrib
geda-gschem
gedit
geeqie
geisview
gemrb
genius
gens-gs
gerbv
get-skype
gftp
ggz-gtk-client
ghex
gigedit
giggle
gigolo
gimp
ginkgo
gitg
gkrellm
gksu
gksu-utils
gl-117
glabels
glade
glade3
glchess
glest
glines
globulation2
glom
gloobus-preview
gltron
gluon
gmpc
gmusicbrowser
gnac
gnash
gnect
gnibbles
gnobots2
gnochm
gnofract4d
gnokii-xgnokii
gnomad2
gnome-activity-journal
gnome-bluetooth
gnome-boxes
gnome-color-manager
gnome-commander
gnome-contacts
gnome-control-center
gnome-desktop
gnome-dictionary
gnome-disk-utility
gnome-do
gnome-documents
gnome-dvb-daemon
gnome-font-viewer
gnome-mahjongg
gnome-media
gnome-menus
gnome-mplayer
gnome-nettool
gnome-packagekit
gnome-packagekit-common
gnome-packagekit-extra
gnome-panel
gnome-phone-manager
gnome-power-manager
gnome-screenshot
gnome-search-tool
gnome-session
gnome-shell
gnome-subtitles
gnome-sudoku
gnome-system-log
gnome-system-monitor
gnome-terminal
gnome-tweak-tool
gnome-user-share
gnomine
gnote
gnotravex
gnotski
gns3
gnucash
gnuitar
gnumeric
gnuplot
gnuradio-companion
gnuradio-doc
gnutu
gobby
gok
gonvert
goobox
gourmet
gpaint
gparted
gpick
gpicview
gpodder
gpredict
gprolog
gpsbabel-gui
gpsd-clients
gq
grace
gradle
gramps
granatier
grass
grdesktop
grhino
grig
grip
grisbi
groovy
groovy17
groovy20
grsync
grub-customizer
gscan2pdf
gsmartcontrol
gspectrum
gstm
gtali
gtetrinet
gtg
gthumb
gtk-chtheme
gtk-recordmydesktop
gtkdive
gtkguitune
gtklp
gtkpod
gtkterm
gtranslator
guake
guayadeque
gucharmap
gummi
gupnp-tools
gurpmi
guvcview
gv
gwakeonlan
gwenview
gwibber
gyachi
gytha
hamster-applet
harbour-hbide
harddrake-ui
hardinfo
hatari
hedgewars
heimdall-frontend
heroes
hexalate
hexchat
highlight-gui
hime
hitori
homebank
hot-babe
hotot
hplip-gui
htmldoc
htop
httrack
hugin
hydrogen
i3
iagno
ibus
ibus-anthy
ibus-hangul
ibus-libpinyin
ibus-pinyin
iceape
icebreaker
icecream-monitor
icedtea-web
icegrid-gui
idjc
imagej
imagemagick-desktop
imagination
indexhtml
inkscape
ioquake3-demo
irrlicht
isomaster
italc-master
itest-client
itest-server
itext-rups
itext-toolbox
jalopy
java-1.7.0-openjdk-devel
jclasslib-scripts
jedit
jext
jflex
jmol
joe
jovie
jpilot
juffed
juk
k3b
k4guitune
kaddressbook
kadu
kaffeine
kajongg
kalarm
kalgebra
kalzium
kamoso
kanagram
kanyremote
kapman
kapow
kapptemplate
kaption
karbon
kasumi
kate
katomic
kaudiocreator
kbibtex
kbiff
kblackbox
kblocks
kbounce
kbreakout
kbruch
kcachegrind
kcalc
kcharselect
kchmviewer
kcolorchooser
kdbg
kdebase4-runtime
kdebase4-workspace
kdegraphics-mobipocket
kdelibs4-core
kdenlive
kdepasswd
kdesvn
kdevelop4
kdf
kdiamond
kdiff3
kding
keditbookmarks
keepassx
keepnote
kepas
keurocalc
kexi
key-mon
kfilebox
kfilereplace
kfind
kflickr
kfloppy
kfourinline
kgeography
kget
kgoldrunner
kgpg
kgraphviewer
khangman
kiba-dock
kicad
kid3
kig
kigo
kile
killbots
kimagemapeditor
kinfocenter
kino
kio-sysinfo
kipi-plugins
kipi-plugins-acquireimages
kipi-plugins-dngconverter
kipi-plugins-expoblending
kipi-plugins-panorama
kipi-plugins-photolayouts-editor
kiriki
kitchensync
kiten
kjots
kjumpingcube
klash
klatexformula
klavaro
kleopatra
klettres
klickety
klines
klinkstatus
kmag
kmahjongg
kmail
kmediafactory
kmess
kmetronome
kmid2
kmines
kmix
kmldonkey
kmousetool
kmouth
kmplayer
kmplot
kmymoney
knavalbattle
knemo
knetwalk
knights
knode
knotes
knutclient
kolf
kollision
kolourpaint
kommander
kompare
kompozer
konqueror
konquest
konsole
kontact
konversation
konvertible
kopete
korganizer
korundum
korundum-devel
koverartist
kpat
kpdftool
kphotoalbum
kppp
kradio
kraft
krb5-auth-dialog
krdc
krecipes
kremotecontrol
krename
kreversi
krfb
krita
kruler
krusader
kscd
kshisen
kshowmail
kshutdown
ksirk
ksnakeduel
ksnapshot
kspaceduel
ksquares
ksshaskpass
kst
kstars
kstreamripper
ksudoku
ksystemlog
kteatime
kterm
ktimer
ktimetracker
ktnef
ktorrent
ktouch
ktron
ktuberling
kturtle
kubeplayer
kubrick
kuiviewer
kuser
kvirc
kvirustotal
kvpnc
kwallet
kwave
kwooty
kwordquiz
kwrite
laby
labyrinth
lash
lastfm-player
latexila
lazarus
lbreakout2
leafpad
lemonpos
lemonpos-squeeze
libbonoboui
libfm
libgda4.0
libgda5.0
libgnomekbd-common
librecad
libreoffice-base
libreoffice-binfilter
libreoffice-calc
libreoffice-core
libreoffice-draw
libreoffice-impress
libreoffice-javafilter
libreoffice-math
libreoffice-writer
libxfce4ui
liferea
lightsoff
lightspark
lincity-ng
lingot
links-graphic
links-hacked
linkx
linphone
linuxdcpp
liquidwar
lives
liveusb-creator
lmms
log4j
lokalize
lottanzb
lskat
ltris
luciole
luckybackup
luminance-hdr
lure
lure-de
lure-es
lure-fr
lure-it
lxappearance
lxcontrol
lxde-common
lxinput
lxmed
lxrandr
lxsession-edit
lxtask
lxterminal
lyx
maelstrom
mageia-kde4-config-common
mail-notification
manaplus
marave
marble
massif-visualizer
massmol
matchbox-keyboard
matchbox-panel
matchbox-panel-manager
mathomatic
maxima-gui
me-tv
meandmyshadow
mediainfo-gui-qt
mediainfo-gui-wx
medit
megaglest
megamario
meld
menulibre
merkaartor
meshlab
metacity
midori
minetest
minitube
miro
mirrormagic
mixxx
mkvtoolnix
mldonkey-gui
mlterm
monkeystudio
mono-tools
monodevelop
monosim-gtk
monosim-qt
monsterz
moovida
moserial
motv
mountloop
mp3info
mp3splt-gtk
mplayer-gui
mplayer-vaapi-gui
mrxvt
mscore
mtink
mtpaint
mtr-gtk
multiplicationstation
mumble
mumble-11x
mupdf
mupen64plus
mures
musique
mutter
mypaint
mysql-workbench
mythtv-frontend
mythtv-setup
nabi
naev
nautilus
nautilus-actions
nautilus-dropbox
navit
ncview
nedit
nemiver
nepomuk
nepomuk-core
nepomukannotation
nepomukshell
netbeans
netpanzer
netrek-client-cow
networkmanager-applet
networkmanager-vpnc
neverball
nexuiz-glx
nexuiz-sdl
nfoview
nmap-frontend
nmapsi4
noiz2sa
nomacs
notification-daemon
numptyphysics
nvclock
nvidia-compute-profiler
nvtv
obconf
ocaml-compiler
ocrfeeder
octave
okteta
okular
okular-odp
omegat
omnitux
onboard
onestroke
openalchemist
openarena
openbabel
openbox
openclass
openfetion
opengrade
openlp
openmortal
openshot
openstereo
openttd
opera
oprofile-gui
orage
orca
osmo
p-uae
pairs
pairs-editor
palapeli
pan
paprefs
parano
parcellite
parley
parole
partitionmanager
pavucontrol
pcb
pcmanfm
pcmanx-gtk2
pdfmod
pdfshuffler
peg-e
pencil-planner
penguin-command
perroquet
pessulus
pgadmin3
phatch
phoronix-test-suite
photo
php-manual-en
phpmyadmin
picard
picasa
picmi
pidgin
pinball
pingus
pinot
pinta
pioneers
pioneers-server-gtk
pipepanic
pitivi
pixelize
plan
planner
plasma-applet-activity-manager
plasma-applet-battery
plasma-applet-bball
plasma-applet-binaryclock
plasma-applet-blackboard
plasma-applet-bookmarks
plasma-applet-bubblemon
plasma-applet-calculator
plasma-applet-calendar
plasma-applet-charselect
plasma-applet-cwp
plasma-applet-daisy
plasma-applet-eventlist
plasma-applet-eyasdp
plasma-applet-eyes
plasma-applet-fifteenpuzzle
plasma-applet-folderview
plasma-applet-icontasks
plasma-applet-incomingmsg
plasma-applet-kalzium-calculator
plasma-applet-kdevelopsessions
plasma-applet-kimpanel
plasma-applet-knowledgebase
plasma-applet-konqprofiles
plasma-applet-konsoleprofiles
plasma-applet-kworldclock
plasma-applet-lancelot
plasma-applet-launchbutton
plasma-applet-leavenote
plasma-applet-life
plasma-applet-lionmail
plasma-applet-luna
plasma-applet-magnifique
plasma-applet-mediaplayer
plasma-applet-microblog
plasma-applet-networkmanagement
plasma-applet-news
plasma-applet-nowplaying
plasma-applet-opendesktop
plasma-applet-paste
plasma-applet-pastebin
plasma-applet-previewer
plasma-applet-qalculate
plasma-applet-quickaccess
plasma-applet-quicklaunch
plasma-applet-rsibreak
plasma-applet-rssnow
plasma-applet-rtm
plasma-applet-showdashboard
plasma-applet-showdesktop
plasma-applet-smooth-tasks
plasma-applet-spellcheck
plasma-applet-system-monitor-cpu
plasma-applet-system-monitor-hdd
plasma-applet-system-monitor-hwinfo
plasma-applet-system-monitor-net
plasma-applet-system-monitor-temperature
plasma-applet-systemloadviewer
plasma-applet-timer
plasma-applet-translatoid
plasma-applet-unitconverter
plasma-applet-wacomtablet
plasma-applet-weather
plasma-applet-weatherstation
plasma-applet-webbrowser
plasma-applet-webslice
plasma-applet-xbar
plasma-applet-yawp
playonlinux
plt-drscheme
poedit
pokerth
policycoreutils-gui
postr
powermanga
pragha
prboom
prboom-gl
prboom-plus
proguard
projectx
ps3mediaserver
psi
ptbatterysystemtray
publican-doc
puddletag
putty
pychess
pyhoca-gui
pymecavideo
pypar2
python-docs
python-whiteboard
python3-docs
qalculate-gtk
qastools
qbittorrent
qcomicbook
qdigidoc
qelectrotech
qesteidutil
qeven
qgis
qjackctl
qjoypad
qlandkartegt
qlipper
qloud
qmmp
qpxtool
qsampler
qsynth
qt-creator
qt-recordmydesktop
qt4-assistant
qt4-designer
qt4-linguist
qt4urpm
qtads
qterminal
qtfm
qtiplot
qtoctave
qtractor
qttools5
qttools5-assistant
qttools5-designer
quadrapassel
quake2
quake2-ctf
quake2-rogue
quake2-xatrix
quassel
quassel-client
quodlibet
qutecom
qxkb
qxmledit
rachota
radiotray
rakarrack
rapid-photo-downloader
rapidsvn
rasmol
rawtherapee
razorqt-config
razorqt-config-appearance
razorqt-config-autosuspend
razorqt-config-desktop
razorqt-config-globalkeyshortcuts
razorqt-config-mouse
razorqt-config-notificationd
razorqt-config-session
razorqt-power
razorqt-session
recoll
redshift-gtk
referencer
regexxer
rekonq
remind-gui
rhythmbox
ri-li
ristretto
rkward
rmanage
roadmap
rocksndiamonds
rocs
rosegarden
rp-pppoe-gui
rpmdrake
rsibreak
rubyripper-gtk
rxvt-unicode
rygel
sabayon-admin
salasaga
samba-swat
samsung-tools
sane-frontends
sankore
sauerbraten
scid
scidavis
scidvspc
scilab
scim-common
scite
scourge
screengrab
screenlets
scribus
scummvm
sdlbasic
seahorse
seahorse-nautilus
sectool-gui
semantik
setools-gui
shotwell
showfoto
shutter
sigil
silicon
simple-scan
simsu
simutrans
sir
skanlite
skobo
skrooge
skychart
slune
smart-applet
smart-gui
smb4k
smc
smokinguns
smplayer
smtube
snes9x-gtk
solfege
sonata
songwrite2
sound-juicer
soundconverter
soundkonverter
spacefm
sparkleshare
specto
speed-dreams
speedcrunch
spek
spring
springlobby
sqlitebrowser
sqljet-browser
squeak-vm
stardict
starfighter
stellarium
step
stepmania
stopmotion
subsurface
subtitlecomposer
sugar-emulator
superkaramba
supertux
supertuxkart
svlc
sweeper
sweethome3d
swell-foop
sxiv
sylpheed
synapse
synaptiks
synergy-gui
synfigstudio
synkron
system-config-printer
system-switch-java
systemd-ui
t-lasku
tagtool
taisei
tanglet
taskcoach
teeworlds
teg
tegaki-recognize
telepathy-kde-contact-applet
telepathy-kde-contact-list
telepathy-kde-text-ui
tellico
terminal
terminator
tetzle
texmacs
texmaker
texstudio
textroom
texworks
themonospot-gui-gtk
themonospot-gui-qt
thunar
thunar-volman
thunderbird
tigervnc
tiled
tilitin
tint2
tkcvs
tkgate
tkinter-apps
tkinter3-apps
tomahawk-player
tomboy
toppler
tora
torcs
tortoisehg
totem
touchegg-gui
trackballs
tracker
tradietrakka
transmageddon
transmission-gtk
transmission-qt4
tremulous
trigger-rally
triplea
trojita
trophy
trustedqsl
ttb
turtlearena
tux_aqfh
tuxguitar
tuxkart
tuxmath
tuxmathscrabble
tuxpaint
tuxpaint-config
tuxpuck
tuxtype
tuxwordsmith
tvbrowser
tvheadend
tvkaistagui
tvtime
typespeed
ufoai
ufraw
uget
uim
ultracopier
ultrastardx
umbrello
unetbootin
unison
unknown-horizons
upnp-inspector
urbanterror
urtconnector
urtsb
usb-imagewriter
usbview
userdrake
v4l-utils-qt4
vassal
vbam
vdrift
vegastrike
verbiste-gtk
vice
vidalia
viking
vim-X11
vinagre
vino
virt-manager
virt-viewer
virtaal
virtualbox
virtualjaguar
vkeybd
vlc
vuze
vym
wahcade
wammu
warmux
warsow
warzone2100
wavbreaker
webmin
weboob
wesnoth
widelands
wifi-radar
wine
wine64
winff
wings3d
wireshark
wmakerconf
wordnet
worker
workrave
worldofpadman
wxPython-tools
wxcam
wxmaxima
x11-driver-video-nvidia-current
x11-driver-video-nvidia173
x11-driver-video-nvidia304
x11vnc
x2goclient
x3270
xaos
xarchiver
xawtv
xbill
xbmc
xboard
xca
xcave
xchat
xchat-gnome
xchm
xcpustate
xdosemu
xdvik
xemacs
xfbib
xfburn
xfce4-appfinder
xfce4-clipman-plugin
xfce4-dict
xfce4-mixer
xfce4-notes-plugin
xfce4-notifyd
xfce4-panel
xfce4-power-manager
xfce4-screenshooter
xfce4-sensors-plugin
xfce4-session
xfce4-settings
xfce4-taskmanager
xfdesktop
xfe
xfig
xfmpc
xfwm4
xine-ui
xinput_calibrator
xkill
xlockmore
xlog
xlogical
xmorph
xmoto
xonotic
xosview
xournal
xpdf
xpenguins
xpilot
xpp
xsane
xscreensaver
xskat
xsoldier
xstroke
xsysinfo
xterm
xtux
xv
xvidcap
xvkbd
xwpick
xxxterm
yadex
yaflight
yakuake
yal
yamagi-quake2
yamagi-quake2-ctf
yamagi-quake2-rogue
yamagi-quake2-xatrix
yelp
yofrankie-bge
yoshimi
z42tool
zanshin
zfo-editor
zim
zint-qt
zsnes
zygrib
zynaddsubfx
