0ad
2048-qt
2mandvd
4digits
7kaa
90secondportraits
PySolFC
R-base
TiMidity++
VMware-Player
abe
abiword
abuse-sdl
accerciser
acetoneiso
acidrip
acoustid-fingerprinter
aegisub
aeolus
afce
agave
airstrike
aisleriot
akonadi-kde
akonadiconsole
akregator
al-anvar
alacarte
aladin
algobox
alienarena
alltray
alsa-tools
alsamixergui
alsaplayer
amarok
amor
amule
andromeda
andy-super-great-park
angband
animata
anjuta
anki
aoi
apper
aqsis
arandr
aranym
ardesia
ardour3
arduide
arduino
areca-backup
ariamaestosa
ark
armagetron
arora
artikulate
arx-libertatis
ascii-design
aseprite
assaultcube
asteroids3D
astromenace
asymptote-gui
atanks
aterm
atnt
atomiks
atomix
atril
atunes
auale
audacious
audacity
audex
audio-recorder
aumix
auralquiz
auteur
auto-multiple-choice
autohint-onoff
autokey-gtk
autokey-qt
autoscan
avahi-x11
avidemux-qt
avogadro
axel-kapt
backintime-gnome
backintime-kde4
bacula-bat
bacula-tray-monitor
balazarbrothers
ballz
bangarang
banshee
baobab
basetest
basic256
basket
bear-factory
beneath-a-steel-sky
beret
berusky
berusky2
bibletime
bijiben
bino
biogenesis
birdfont
birdie
bitcoin-qt
bitfighter
bk-emu
bk-terak-emu
bkchem
bladerf-doc
bleachbit
blender
bless
blinken
blobby
bloboats
blobwars
blockout
blogilo
blogtk
bluedevil
bluefish
bluej
blueman
bobobot
boinc-manager
bomber
bombono-dvd
boncuk
booh
boomaga
boswars
bovo
bpython
braindump
brainparty
brasero
brewtarget
briquolo
bristol
brogue
brutalchess
bsh-utils
btanks
bug-buddy
bugsquish
bumprace
burgerspace
bwbasic
byobu
bzflag
caboodle
cadence
caffeine
cairo-dock
caja
caja-actions
caja-dropbox
calf
calibre
calligra
calligra-active
calligra-author
calligra-core
calligra-sheets
calligra-stage
calligra-words
canorus
canta
cantata
cantor
carmetal
catarina
catfish
catia
cdemu-client
cdogs-sdl
cdrdao-gcdmaster
ceed
celestia
cellwriter
cervisia
cgoban
chbg
cheese
chemtool
cherrytree
chessx
childsplay
chirp
chocolate-doom
choqok
chroma
chromium-browser-stable
chromium-bsu
cinnamon
cinnamon-control-center
cinnamon-screensaver
cinnamon-session
cinnamon-settings-daemon
circuslinux
cirkuit
clamtk
clamz
clanbomber
clash
claudia
claws-mail
clawsker
clementine
clipgrab
clustalx
cmake-qtgui
cmyktool
coban
codeblocks
codelite
coherence-applet
colobot
colorcode
colord-kde
comex-gtk
comex-qt
comix
commandergenius
compiz
compiz-ccsm
compiz-fusion-icon
congruity
conky-manager
connectagram
converseen
convertall
cooledit
coolreader3
copyq
coq-ide
corsixth
crack-attack
crawl-tiles
crossfire-client
cryptkeeper
csmash
cube-escape
cultivation
cuneiform-qt
cups
curseofwar
curtain
cutecom
cutecw
cutegram
cutemarked
cutemaze
cuyo
d-feet
d4x
darktable
dasher
datovka
dcmo5
dconf-editor
ddd
deadbeef
deja-dup
deluge
denemo
desktopcouch-tools
desmume-glade
desmume-gtk
devede
devhelp
devidify
dia
dianara
diffpdf
diffuse
digger
digikam
dikt
dillo
ding
dispcalGUI
distcc
djview4
docky
dogecoin-qt
dolphin
dolphin-emu
dosbox
doublecmd-gtk
doublecmd-qt
douml
dragon
drakconf
draklive-install
drakpxelinux
drakx-net
drakx-net-applet
drakxtools-curses
drascula
dreamchess
drgeo
driconf
dropbox-bin
drracket
drumstick-examples
drwright
ds9
duckmarines
dustrac
dvdisaster
dvdrip
dvdstyler
e
easychem
easymp3gain
easyrpmbuilder
easystroke
easytag
ecasound
eclipse-platform
econnman
edb-debugger
edgar
editra
educazionik
edugraphe
eduke32-console
eduke32-gui
eee-control
efax-gtk
egoboo
eigen3-doc
eiskaltdcpp-gtk
eiskaltdcpp-qt
ekiga
elementary
emacs
emerillon
emesene
empathy
engrampa
enigma
enjoy
entangle
eog
eom
epdfview
ephoto
epiphany
erebus
eric4
eterm
etherape
etoys
ettercap
euclide
evince
evol-client
evolution
exaile
exe
exfalso
exo
extremetuxracer
eyesight
fbreader
fceux
fcitx
fdesktoprecorder
fedora-arm-installer
feff
feh
fet
fetchmailconf
ffado
ffdiaporama
ffmulticonverter
fglrx-control-center
fgrun
file-roller
filelight
filerunner
filezilla
fillets-ng
firefox
firefox-beta
firestarter
five-or-more
flacon
flamerobin
flare
flash-imagewriter
flash-player-plugin
flaw
fldigi
flight-of-the-amazon-queen
flightgear
florence
flow
flrig
flukz
focuswriter
fontforge
foobillardplus
fotowall
fotoxx
four-in-a-row
fox-example-apps
foxtrotgps
fp-ide-en
fp-ide-ru
frama-c
freealchemist
freeciv-client
freeciv-server
freecol
freedink
freedink-dfarc
freedroid
freedroidrpg
freedv
freefilesync
freeguide
freemind
freeminer
freeorion
freeplane
freetuxtv
frescobaldi
fretsonfire
fritzing
frogr
frostwire
frozen-bubble
fs-uae
fs-uae-arcade
fs-uae-launcher
fskbsetting
fslint
fullrecall
furiusisomount
fwbackups
fwbuilder
gajim
galculator
galois
gambas3-ide
gameconqueror
gamine
ganttproject
ganyremote
gargoyle-free
gaupol
gbrainy
gcad3d
gcdemu
gchem3d
gchemcalc
gchempaint
gchemtable
gcin
gcolor2
gcompris
gconf-editor
gcr
gcrystal
gcstar
geany
geary
geda-gattrib
geda-gschem
gedit
geeqie
geisview
gemrb
genius
gens-gs
geoclue
geogebra
geometria
gerbv
get-skype
gftp
ggz-gtk-client
ghex
gigedit
giggle
gigolo
gimp
ginkgo
gitg
gkrellm
gl-117
glabels
glade
glade3
globulation2
glom
gloobus-preview
gltron
gluon
gmpc
gmtp
gmusicbrowser
gnac
gnash
gngt
gnochm
gnofract4d
gnokii-xgnokii
gnomad2
gnome-activity-journal
gnome-alsamixer
gnome-bluetooth
gnome-boxes
gnome-calculator
gnome-chess
gnome-classic-session
gnome-clocks
gnome-color-manager
gnome-commander
gnome-contacts
gnome-control-center
gnome-desktop
gnome-dictionary
gnome-disk-utility
gnome-do
gnome-documents
gnome-dvb-daemon
gnome-encfs-manager
gnome-font-viewer
gnome-klotski
gnome-logs
gnome-mahjongg
gnome-main-menu
gnome-maps
gnome-mines
gnome-mplayer
gnome-multi-writer
gnome-music
gnome-nettool
gnome-nibbles
gnome-packagekit
gnome-packagekit-common
gnome-packagekit-extra
gnome-paint
gnome-phone-manager
gnome-photos
gnome-power-manager
gnome-ppp
gnome-robots
gnome-screenshot
gnome-search-tool
gnome-shell
gnome-shell-theme-elegance-colors
gnome-software
gnome-sound-recorder
gnome-subtitles
gnome-sudoku
gnome-system-log
gnome-system-monitor
gnome-terminal
gnome-tetravex
gnome-tweak-tool
gnome-user-share
gnome-weather
gnote
gns3
gnubg
gnubik
gnucash
gnuitar
gnumeric
gnuplot
gnupylot
gnuradio-companion
gnuradio-doc
gnutu
gobby
goldendict
golems
golly
gonvert
goobox
gottet
gourmet
gpa
gpaint
gparted
gperiodic
gpick
gpicview
gpodder
gpredict
gprolog
gpsbabel-gui
gpsd-clients
gq
gqrx
gr-iqbal-doc
gr-osmosdr-doc
grace
grafx2
gramps
granatier
grass
grdesktop
grhino
grig
grip
grisbi
groovy
grotesque
grsync
grub-customizer
gscan2pdf
gsmartcontrol
gspectrum
gstm
gtetrinet
gtg
gthumb
gtimelog
gtk-chtheme
gtk-gnutella
gtk-recordmydesktop
gtkdive
gtkguitune
gtklp
gtkpod
gtkterm
gtranslator
guake
guayadeque
gucharmap
gummi
gupnp-tools
gurpmi
guvcview
gv
gvfs-archive
gwakeonlan
gwenview
gxneur
gyachi
gytha
hamster-time-tracker
handbrake
harbour-hbdbu
harbour-hbide
harddrake-ui
hardinfo
hatari
hdfview
hedgewars
heimdall-frontend
heroes
hex-a-hop
hexalate
hexchat
highlight-gui
hime
hitori
holotz-castle
homebank
hot-babe
hplip-gui
htmldoc
htop
httrack
hugin
hydraslayer
hydrogen
hyperrogue
i3
iagno
ibus
ibus-anthy
ibus-cangjie
ibus-hangul
ibus-libpinyin
ibus-pinyin
ibus-table
iceape
icebreaker
icecream-monitor
icedtea-web
idjc
iep
image-analyzer
imagej
imagemagick-desktop
imagination
indexhtml
inkscape
ioquake3-demo
irrlamb
irrlicht
isodumper
isomaster
italc-master
itest-client
itest-server
itext-rups
itext-toolbox
iyfct
j7z
java-1.8.0-openjdk
java-1.8.0-openjdk-devel
jclasslib-scripts
jeuclid-mathviewer
jext
jflex
jitsi
jmol
joe
josm
jovie
jpilot
juffed
juk
k3b
k3d
k4guitune
k9copy
kaddressbook
kaffeine
kajongg
kalarm
kalgebra
kalzium
kamerka
kamoso
kanagram
kanyremote
kapman
kapow
kapptemplate
kaption
karbon
kasumi
kate
katomic
kaudiocreator
kbibtex
kbiff
kblackbox
kblocks
kbounce
kbreakout
kbruch
kcachegrind
kcalc
kcharselect
kchmviewer
kcm-touchpad
kcolorchooser
kdbg
kde-dev-utils
kdebase4-runtime
kdebase4-workspace
kdeconnect-kde
kdelibs4-core
kdenlive
kdepasswd
kdepim4-core
kdesvn
kdevelop4
kdf
kdiamond
kdiff3
kding
keditbookmarks
keepass
keepassx
keepassx2
keepnote
kepas
ketris
keurocalc
kexi
key-mon
kfilebox
kfilereplace
kfind
kflickr
kfloppy
kfourinline
kgeography
kget
kgmailnotifier
kgoldrunner
kgpg
khangman
khelpcenter
kicad
kid3
kig
kigo
kile
killbots
kimagemapeditor
kinfocenter
kino
kio
kio-sysinfo
kiosktool
kipi-plugins
kipi-plugins-acquireimages
kipi-plugins-dngconverter
kipi-plugins-expoblending
kipi-plugins-panorama
kipi-plugins-photolayouts-editor
kiriki
kiten
kitsune
kjots
kjumpingcube
klash
klatexformula
klavaro
kleopatra
klettres
klickety
klines
klinkstatus
kmag
kmahjongg
kmail
kmediafactory
kmenuedit
kmess
kmetronome
kmid2
kmines
kmix
kmldonkey
kmousetool
kmouth
kmplayer
kmplot
kmymoney
knavalbattle
knemo
knetwalk
knights
knightsgame
knode
knotes
knowthelist
knutclient
kobodeluxe
kodi
kojo
kolf
kollision
kolourpaint
kommander
komparator4
kompare
kompozer
konqueror
konquest
konsole
kontact
konversation
konvertible
kopete
korganizer
korundum
korundum-devel
koverartist
kpat
kpdftool
kphotoalbum
kppp
kradio
kraft
krandr
krb5-auth-dialog
krdc
krecipes
kremotecontrol
krename
kreversi
krfb
krita
kroots
krosswordpuzzle
kruler
krusader
kscd
kshisen
kshowmail
kshutdown
ksirk
ksnakeduel
ksnapshot
kspaceduel
ksquares
ksshaskpass
kst
kstars
kstreamripper
ksudoku
ksysguard
ksystemlog
kteatime
kterm
ktimer
ktimetracker
ktnef
ktorrent
ktouch
ktron
ktuberling
kturtle
kubrick
kumir
kuser
kvirc
kvirustotal
kvkbd
kvpnc
kwalletmanager
kwave
kwooty
kwordquiz
kwrite
kxstitch
labplot
laby
labyrinth
lash
lastfm-player
latexila
lazarus
lbreakout2
leafpad
lemonpos
lemonpos-squeeze
leocad
lgeneral
lib64gtk+3.0-devel
libbonoboui
libfm
libgda5.0
libgnomekbd-common
libgtk+3.0-devel
libhocr-gtk
libosmo-dsp-doc
librecad
libreoffice
libreoffice-base
libreoffice-calc
libreoffice-core
libreoffice-draw
libreoffice-impress
libreoffice-math
libreoffice-writer
libreoffice-xsltfilter
libxfce4ui
lierolibre
liferea
lightlang
lightsoff
lightspark
lincity-ng
lingot
links-graphic
links-hacked
linkx
linphone
linuxdcpp
liquidwar
littlewizard
lives
liveusb-creator
lmms
logisim
lokalize
lostsky
love
lshw-gui
lskat
ltris
luciole
luckybackup
luminance-hdr
lure
lure-de
lure-es
lure-fr
lure-it
lutris
lxappearance
lxcontrol
lxde-common
lxde-ctrl-center
lximage-qt
lxinput
lxmed
lxqt-about
lxqt-config
lxqt-globalkeys
lxqt-notificationd
lxqt-powermanagement
lxqt-session
lxrandr
lxsession
lxshortcut
lxtask
lxterminal
lybniz
lyx
m64py
maelstrom
mageia-doc-installer-ca
mageia-doc-installer-cs
mageia-doc-installer-de
mageia-doc-installer-el
mageia-doc-installer-en
mageia-doc-installer-eo
mageia-doc-installer-es
mageia-doc-installer-et
mageia-doc-installer-fr
mageia-doc-installer-id
mageia-doc-installer-nl
mageia-doc-installer-pt_br
mageia-doc-installer-ro
mageia-doc-installer-ru
mageia-doc-installer-sv
mageia-doc-installer-tr
mageia-doc-installer-uk
mageia-doc-mcc-ca
mageia-doc-mcc-cs
mageia-doc-mcc-de
mageia-doc-mcc-el
mageia-doc-mcc-en
mageia-doc-mcc-es
mageia-doc-mcc-et
mageia-doc-mcc-fr
mageia-doc-mcc-id
mageia-doc-mcc-nl
mageia-doc-mcc-pt_br
mageia-doc-mcc-ro
mageia-doc-mcc-ru
mageia-doc-mcc-sv
mageia-doc-mcc-tr
mageia-doc-mcc-uk
mageiawelcome
magicos-magcc
mail-notification
manaplus
manatools
mangler
manslide
marave
marble
marble-qt
marco
mari0
massif-visualizer
massmol
matchbox-keyboard
matchbox-panel
matchbox-panel-manager
mate-calc
mate-control-center
mate-desktop
mate-dictionary
mate-disk-usage-analyzer
mate-media
mate-notification-daemon
mate-panel
mate-power-manager
mate-screensaver
mate-screenshot
mate-search-tool
mate-session-manager
mate-system-log
mate-system-monitor
mate-terminal
mate-user-share
mathmod
mathomatic
mathplot
mathwar
maxima-gui
mc-desktop
mcomix
mdvinput
me-tv
meandmyshadow
mediainfo-gui-qt
mediainfo-gui-wx
medit
megaglest
megamario
meld
menulibre
merkaartor
meshlab
metacity
meteo-qt
miam-player
micropolisj
midori
million
minetest
minitube
miro
mirrormagic
mixxx
mkvtoolnix
mldonkey-gui
mlterm
mnemosyne
modem-manager-gui
moleinvasion
monkeystudio
mono-tools
monodevelop
monosim-gtk
monosim-qt
monsterz
moserial
motv
mousepad
mozo
mp3info
mp3splt-gtk
mplayer-gui
mrrescue
mrxvt
mscore
mseide-msegui
mtink
mtpaint
mtr-gtk
mucommander
muffin
multiplicationstation
mumble
munipack
mupdf
mures
muse
musique
mutter
myabcs
myagent-im
mygui-tools
mypaint
myrtle
mysql-workbench
mythtv-frontend
mythtv-setup
nabi
naev
nagstamon
nautilus
nautilus-actions
nautilus-beesu-manager
navit
ncview
nedit
nemiver
nemo
nemo-beesu-manager
nemo-pastebin
nemo-seahorse
nepomuk-core
nepomukshell
nepomuktvnamer
netemul
netpanzer
netrek-client-cow
networkmanager-applet
networkmanager-openswan
networkmanager-vpnc
neverball
nexuiz-glx
nexuiz-sdl
nfoview
nightfall
nitrogen
nmap-frontend
nmapsi4
noiz2sa
nomacs
nootka
noteye
notification-daemon
nted
numptyphysics
nuvolaplayer
nvclock
nvidia-nsight
nvidia-visual-profiler
nvtv
obconf
obconf-qt
ocaml-compiler
ocrfeeder
octave
office-runner
ogmrip
okteta
okular
okular-odp
omnitux
onboard
onestroke
openalchemist
openarena
openbabel
openbox
openclass
openclonk
opencpn
opendict
opendungeons
openeuclide
openfetion
opengrade
openlp
openmortal
openmw
openorienteering-mapper
openra
openscad
openshot
openstereo
openteacher
openttd
openxcom
openyahtzee
opera
oprofile-gui
orage
orca
osmo
ovsdbmonitor
owncloud-client
pairs
pairs-editor
palapeli
pan
paperwork
paprefs
parano
paraview
parcellite
parley
parole
partitionmanager
pavucontrol
pcb
pcmanfm
pcmanfm-qt
pcmanx-gtk2
pcsxr
pdfmod
pdfsam
pdfshuffler
peazip
peerguardian
peg-e
pencil
pencil-planner
penguin-command
performous
perroquet
pessulus
pgadmin3
phatch
phoronix-test-suite
photoqt
phototonic
php-manual-en
phpldapadmin
phpludoreve
phpmyadmin
phppgadmin
phun
pianobooster
pianobooster-timidity
picard
picmi
pidgin
pinball
pingus
pinot
pinta
pioneers
pioneers-server-gtk
pioneerspacesim
pipepanic
pitivi
pixelize
plan
planner
plasma-applet-activity-manager
plasma-applet-battery
plasma-applet-bball
plasma-applet-binaryclock
plasma-applet-blackboard
plasma-applet-bookmarks
plasma-applet-bubblemon
plasma-applet-calculator
plasma-applet-calendar
plasma-applet-charselect
plasma-applet-cwp
plasma-applet-daisy
plasma-applet-eventlist
plasma-applet-eyasdp
plasma-applet-eyes
plasma-applet-fifteenpuzzle
plasma-applet-folderview
plasma-applet-homerun
plasma-applet-homerun-kicker
plasma-applet-icontasks
plasma-applet-incomingmsg
plasma-applet-kalzium-calculator
plasma-applet-kdevelopsessions
plasma-applet-kimpanel
plasma-applet-knowledgebase
plasma-applet-konqprofiles
plasma-applet-konsoleprofiles
plasma-applet-kscreen
plasma-applet-kworldclock
plasma-applet-lancelot
plasma-applet-launchbutton
plasma-applet-leavenote
plasma-applet-life
plasma-applet-lionmail
plasma-applet-luna
plasma-applet-magnifique
plasma-applet-mediaplayer
plasma-applet-menubar
plasma-applet-microblog
plasma-applet-milou
plasma-applet-news
plasma-applet-nm
plasma-applet-nowplaying
plasma-applet-opendesktop
plasma-applet-paste
plasma-applet-pastebin
plasma-applet-previewer
plasma-applet-qalculate
plasma-applet-quickaccess
plasma-applet-quicklaunch
plasma-applet-rsibreak
plasma-applet-rssnow
plasma-applet-rtm
plasma-applet-showdashboard
plasma-applet-showdesktop
plasma-applet-simplewelcome
plasma-applet-spellcheck
plasma-applet-stackfolder
plasma-applet-system-monitor-cpu
plasma-applet-system-monitor-hdd
plasma-applet-system-monitor-hwinfo
plasma-applet-system-monitor-net
plasma-applet-system-monitor-temperature
plasma-applet-systemloadviewer
plasma-applet-takeoff
plasma-applet-timer
plasma-applet-translatoid
plasma-applet-unitconverter
plasma-applet-wacomtablet
plasma-applet-weather
plasma-applet-weatherstation
plasma-applet-webbrowser
plasma-applet-webslice
plasma-applet-xbar
plasma-applet-yawp
plasma-desktop
plasma-workspace
plasma5-applet-nm
plasma5-khelpcenter
plasma5-konsole
plasmate
playonlinux
plee-the-bear
plopp
pluma
plume-creator
poedit
pokerth
polari
policycoreutils-gui
postr
powdertoy
powermanga
ppsspp
pragha
prboom
prboom-gl
prboom-plus
print-manager
proguard-gui
projectlibre
projectx
ps3mediaserver
psi
ptbatterysystemtray
publican-doc
puddletag
putty
puzzlemoppet
pychess
pyhoca-gui
pymecavideo
pypar2
pysiogame
pyspread
python-docs
python-mageiasync
python-turpial
python-whiteboard
python-xdot
python3-docs
pywords
q4wine
qalculate-gtk
qaquarelle
qarte
qastools
qbittorrent
qcad
qcomicbook
qdevelop
qdigidoc
qelectrotech
qesteidutil
qeven
qgis
qiv
qjackctl
qjoypad
qlandkartegt
qlipper
qloud
qmidiarp
qmidinet
qmmp
qosmic
qpdfview
qpxtool
qsampler
qscanner
qscreenshot
qsynth
qt-creator
qt-recordmydesktop
qt4-assistant
qt4-designer
qt4-fsarchiver
qt4-linguist
qt4urpm
qtads
qterminal
qtfm
qtiplot
qtoctave
qtractor
qttools5
qttools5-assistant
qttools5-designer
quadrapassel
quassel
quassel-client
qucs
quick-usb-formatter
quiterss
quodlibet
qupzilla-core
qutim
qxkb
qxmledit
raceintospace
rachota
radiotray
rakarrack
rapid-photo-downloader
rapidsvn
rasmol
rawtherapee
recoll
redeclipse
redshift-gtk
referencer
regexxer
rekonq
remind-gui
remmina
remotebox
repsnapper
retroshare
rhythmbox
ri-li
ristretto
rkward
rmanage
roadmap
rocksndiamonds
rocs
rodovid
rolisteam
rosegarden
rp-pppoe-gui
rpmdrake
rsibreak
rstudio
rubyripper-gtk
rxvt-unicode
rygel
sabayon-admin
sabnzbd
sakura
salasaga
samba-swat
samsung-tools
sane-frontends
sankore
saoimage
sauerbraten
scantailor
scid
scidavis
scidvspc
scilab
scim-common
scite
scorched3d
scratch
screengrab
scribus
scummvm
sdlbasic
seahorse
seahorse-nautilus
sectool-gui
semantik
setools-gui
sflphone-gnome
sflphone-kde
sgt-puzzles
shotwell
showfoto
shutter
sigil
silicon
simple-scan
simplescreenrecorder
simsu
simutrans
sir
sk1
skanlite
skrooge
skychart
slic3r-experimental
slic3r-stable
slune
smart-applet
smart-gui
smathstudio
smb4k
smc
smokinguns
smplayer
smtube
snes9x-gtk
solaar
solfege
sonata
songwrite2
sound-juicer
soundconverter
soundkonverter
spacefm
sparkleshare
specto
speed-dreams
speedcrunch
spek
spring
springlobby
spyder
spyder3
sqlitebrowser
sqliteman
sqljet-browser
squeak-vm
stardict
starfighter
steam
stella
stellarium
step
stepintochinese
stepmania
stopmotion
stormbaancoureur
stuntrally
subsurface
subtitlecomposer
subtitleeditor
sudokuki
sugar-runner
sumwars
superkaramba
supertux
supertuxkart
surf
svgcleaner
svlc
sweeper
sweethome3d
swell-foop
sxiv
sylpheed
synapse
syncevolution-gtk
synergy-gui
synfigstudio
synkron
system-config-printer
system-switch-java
systemd-ui
systemsettings
t-lasku
tagtool
taisei
tali
tanglet
tano
taskcoach
tecnoballz
teeworlds
teg
tegaki-recognize
telepathy-kde-contact-list
telepathy-kde-desktop-applets
telepathy-kde-text-ui
tellico
terminator
terminatorx
terminology
tetzle
texmacs
texmaker
texstudio
textroom
texworks
themonospot-gui-gtk
themonospot-gui-qt
thunar
thunar-volman
thunderbird
tigervnc
tiled
tilitin
tint2
tintii
tkcvs
tkdiff
tkgate
tkinter-apps
tkinter3-apps
tomahawk-player
tomboy
tome
tong
toppler
tora
torcs
tortoisehg
totem
touchegg-gui
trackballs
tracker
tradietrakka
transmageddon
transmission-gtk3
transmission-qt5
tremulous
trigger-rally
triplea
trojita
trophy
trustedqsl
tupi
turtlearena
tux_aqfh
tuxguitar
tuxkart
tuxmath
tuxmathscrabble
tuxpaint
tuxpaint-config
tuxpuck
tuxtype
tuxwordsmith
tvbrowser
tvheadend
tvtime
typespeed
ufoai
ufoai-uforadiant
ufraw
ugene
uget
uidesigner
uim
ultimatestunts
umbrello
unetbootin
unison
unknown-horizons
upnp-inspector
urbanlightscape
urbanterror
urtconnector
urtsb
usbview
userdrake
utopia-documents
v4l-utils-qt4
valyriatear
vapor
vassal
vbam
vcmi
vdrift
vegastrike
verbiste-gtk
veusz
vice
vidalia
viewnior
viking
vim-X11
vinagre
vino
virt-manager
virt-viewer
virtaal
virtualbox
virtualjaguar
virtualmoon
vkeybd
vlc
vmpk
voxelands
vpnpptp
vstar
vuze
vym
wahcade
wammu
wargus
warmux
warsow
warzone2100
wavbreaker
webmin
weboob
wesnoth
widelands
wifi-radar
wine
wine64
winff
wireshark
wmakerconf
wordnet
worker
workrave
worldofpadman
wxPython-tools
wxcam
wxhexeditor
wxmaxima
wxmp3gain
x11-driver-video-nvidia-current
x11-driver-video-nvidia304
x11-driver-video-nvidia340
x11vnc
x2goclient
x2goserver
x3270
xaos
xaralx
xarchiver
xawtv
xbill
xboard
xca
xcave
xchm
xcpustate
xdosemu
xdx
xemacs
xfbib
xfburn
xfce4-appfinder
xfce4-clipman-plugin
xfce4-dict
xfce4-mixer
xfce4-notes-plugin
xfce4-notifyd
xfce4-panel
xfce4-power-manager
xfce4-screenshooter
xfce4-sensors-plugin
xfce4-session
xfce4-settings
xfce4-taskmanager
xfce4-terminal
xfdashboard
xfdesktop
xfe
xfig
xfmpc
xfwm4
xine-ui
xinput_calibrator
xkill
xlockmore
xlog
xlogical
xmbdfed
xmorph
xmoto
xombrero
xonotic
xosview
xournal
xpdf
xpenguins
xpilot
xpp
xsane
xscreensaver
xskat
xsoldier
xstroke
xsudo-sudoers
xsysinfo
xterm
xtux
xv
xvidcap
xvkbd
xwpick
yad-gtk2
yad-gtk3
yadex
yaflight
yagf
yakuake
yal
yamagi-quake2
yamagi-quake2-ctf
yamagi-quake2-rogue
yamagi-quake2-xatrix
yelp
yoshimi
z42tool
zanshin
zathura
zathura-djvu
zathura-pdf-poppler
zathura-ps
zaz
zfo-editor
zhu3d
zim
zint-qt
zsnes
zygrib
zynaddsubfx
